error[E0080]: evaluation of `main::{constant#0}` failed
 --> tests/compile-fail/standard_id_too_high.rs:2:12
  |
2 |     let _id = can_socket::standard_id!(0x800);
  |               ^^^^^^^^^^^^^^^^^^^^^^^^^^^^^^^ evaluation panicked: invalid standard CAN ID
  |
  = note: this error originates in the macro `$crate::panic::panic_2021` which comes from the expansion of the macro `can_socket::standard_id` (in Nightly builds, run with -Z macro-backtrace for more info)

note: erroneous constant encountered
 --> tests/compile-fail/standard_id_too_high.rs:2:12
  |
2 |     let _id = can_socket::standard_id!(0x800);
  |               ^^^^^^^^^^^^^^^^^^^^^^^^^^^^^^^
  |
  = note: this note originates in the macro `can_socket::standard_id` (in Nightly builds, run with -Z macro-backtrace for more info)
